------------------------------------------------------------
TimeQuest Timing Analyzer Summary
------------------------------------------------------------

Type  : Slow 1200mV 85C Model Setup 'clock'
Slack : -1.473
TNS   : -22.823

Type  : Slow 1200mV 85C Model Hold 'clock'
Slack : 0.358
TNS   : 0.000

Type  : Slow 1200mV 85C Model Minimum Pulse Width 'clock'
Slack : -3.000
TNS   : -22.000

Type  : Slow 1200mV 85C Model Minimum Pulse Width 'setButton'
Slack : -3.000
TNS   : -4.000

Type  : Slow 1200mV 0C Model Setup 'clock'
Slack : -1.291
TNS   : -19.866

Type  : Slow 1200mV 0C Model Hold 'clock'
Slack : 0.312
TNS   : 0.000

Type  : Slow 1200mV 0C Model Minimum Pulse Width 'clock'
Slack : -3.000
TNS   : -22.000

Type  : Slow 1200mV 0C Model Minimum Pulse Width 'setButton'
Slack : -3.000
TNS   : -4.000

Type  : Fast 1200mV 0C Model Setup 'clock'
Slack : -0.911
TNS   : -13.762

Type  : Fast 1200mV 0C Model Hold 'clock'
Slack : 0.188
TNS   : 0.000

Type  : Fast 1200mV 0C Model Minimum Pulse Width 'clock'
Slack : -3.000
TNS   : -23.064

Type  : Fast 1200mV 0C Model Minimum Pulse Width 'setButton'
Slack : -3.000
TNS   : -4.195

------------------------------------------------------------
