------------------------------------------------------------
TimeQuest Timing Analyzer Summary
------------------------------------------------------------

Type  : Slow 1200mV 85C Model Setup 'clock'
Slack : -2.031
TNS   : -62.629

Type  : Slow 1200mV 85C Model Setup 'setButton'
Slack : 0.183
TNS   : 0.000

Type  : Slow 1200mV 85C Model Hold 'clock'
Slack : 0.345
TNS   : 0.000

Type  : Slow 1200mV 85C Model Hold 'setButton'
Slack : 0.381
TNS   : 0.000

Type  : Slow 1200mV 85C Model Minimum Pulse Width 'clock'
Slack : -3.000
TNS   : -47.000

Type  : Slow 1200mV 85C Model Minimum Pulse Width 'setButton'
Slack : -3.000
TNS   : -5.000

Type  : Slow 1200mV 0C Model Setup 'clock'
Slack : -1.779
TNS   : -53.635

Type  : Slow 1200mV 0C Model Setup 'setButton'
Slack : 0.266
TNS   : 0.000

Type  : Slow 1200mV 0C Model Hold 'clock'
Slack : 0.300
TNS   : 0.000

Type  : Slow 1200mV 0C Model Hold 'setButton'
Slack : 0.333
TNS   : 0.000

Type  : Slow 1200mV 0C Model Minimum Pulse Width 'clock'
Slack : -3.000
TNS   : -47.000

Type  : Slow 1200mV 0C Model Minimum Pulse Width 'setButton'
Slack : -3.000
TNS   : -5.000

Type  : Fast 1200mV 0C Model Setup 'clock'
Slack : -1.193
TNS   : -32.381

Type  : Fast 1200mV 0C Model Setup 'setButton'
Slack : 0.545
TNS   : 0.000

Type  : Fast 1200mV 0C Model Hold 'clock'
Slack : 0.180
TNS   : 0.000

Type  : Fast 1200mV 0C Model Hold 'setButton'
Slack : 0.199
TNS   : 0.000

Type  : Fast 1200mV 0C Model Minimum Pulse Width 'clock'
Slack : -3.000
TNS   : -49.578

Type  : Fast 1200mV 0C Model Minimum Pulse Width 'setButton'
Slack : -3.000
TNS   : -5.344

------------------------------------------------------------
